mvn : WARNING: A terminally deprecated method in sun.misc.Unsafe has been called
At line:2 char:1
+ mvn clean package > build-output.txt 2>&1
+ ~~~~~~~~~~~~~~~~~~~~~~~~~~~~~~~~~~~~~~~~~
    + CategoryInfo          : NotSpecified: (WARNING: A term...has been called:String) [], RemoteException
    + FullyQualifiedErrorId : NativeCommandError
 
WARNING: sun.misc.Unsafe::staticFieldBase has been called by com.google.inject.internal.aop.HiddenClassDefiner 
(file:/C:/Program%20Files/apache-maven-3.9.11/lib/guice-5.1.0-classes.jar)
WARNING: Please consider reporting this to the maintainers of class com.google.inject.internal.aop.HiddenClassDefiner
WARNING: sun.misc.Unsafe::staticFieldBase will be removed in a future release
[INFO] Scanning for projects...
[INFO] 
[INFO] ---------------------< com.bfhealth:bf-health-app >---------------------
[INFO] Building bf-health-app 1.0.0
[INFO]   from pom.xml
[INFO] --------------------------------[ jar ]---------------------------------
[INFO] 
[INFO] --- clean:3.3.2:clean (default-clean) @ bf-health-app ---
[INFO] Deleting C:\bajaj_finserv\target
[INFO] 
[INFO] --- resources:3.3.1:resources (default-resources) @ bf-health-app ---
[INFO] Copying 1 resource from src\main\resources to target\classes
[INFO] Copying 0 resource from src\main\resources to target\classes
[INFO] 
[INFO] --- compiler:3.11.0:compile (default-compile) @ bf-health-app ---
[INFO] Changes detected - recompiling the module! :source
[INFO] Compiling 3 source files with javac [debug release 17] to target\classes
[INFO] /C:/bajaj_finserv/src/main/java/com/bfhealth/WebhookService.java: C:\bajaj_finserv\src\main\java\com\bfhealth\WebhookService.java uses unchecked or unsafe operations.
[INFO] /C:/bajaj_finserv/src/main/java/com/bfhealth/WebhookService.java: Recompile with -Xlint:unchecked for details.
[INFO] 
[INFO] --- resources:3.3.1:testResources (default-testResources) @ bf-health-app ---
[INFO] skip non existing resourceDirectory C:\bajaj_finserv\src\test\resources
[INFO] 
[INFO] --- compiler:3.11.0:testCompile (default-testCompile) @ bf-health-app ---
[INFO] No sources to compile
[INFO] 
[INFO] --- surefire:3.1.2:test (default-test) @ bf-health-app ---
[INFO] No tests to run.
[INFO] 
[INFO] --- jar:3.3.0:jar (default-jar) @ bf-health-app ---
[INFO] Building jar: C:\bajaj_finserv\target\bf-health-app-1.0.0.jar
[INFO] 
[INFO] --- spring-boot:3.2.0:repackage (repackage) @ bf-health-app ---
[INFO] Replacing main artifact C:\bajaj_finserv\target\bf-health-app-1.0.0.jar with repackaged archive, adding nested dependencies in BOOT-INF/.
[INFO] The original artifact has been renamed to C:\bajaj_finserv\target\bf-health-app-1.0.0.jar.original
[INFO] ------------------------------------------------------------------------
[INFO] BUILD SUCCESS
[INFO] ------------------------------------------------------------------------
[INFO] Total time:  3.650 s
[INFO] Finished at: 2025-08-29T11:44:50+05:30
[INFO] ------------------------------------------------------------------------
